// Jest Snapshot v1, https://goo.gl/fbAQLP

exports[`QuestionArtist should render correctly 1`] = `
<section
  className="game__screen"
>
  <h2
    className="game__title"
  >
    Кто исполняет эту песню?
  </h2>
  <div
    className="game__track"
  >
    <div
      className="track"
    >
      <button
        className="track__button track__button--play"
        type="button"
      />
      <div
        className="track__status"
      >
        <audio />
      </div>
    </div>
  </div>
  <form
    className="game__artist"
  >
    <div
      className="artist"
    >
      <input
        className="artist__input visually-hidden"
        id="answer-1"
        name="answer"
        onChange={[Function]}
        type="radio"
        value="artist-1"
      />
      <label
        className="artist__name"
        htmlFor="answer-1"
      >
        <img
          alt="Space"
          className="artist__picture"
          src="http://placehold.it/134x134"
        />
        Space
      </label>
    </div>
    <div
      className="artist"
    >
      <input
        className="artist__input visually-hidden"
        id="answer-2"
        name="answer"
        onChange={[Function]}
        type="radio"
        value="artist-2"
      />
      <label
        className="artist__name"
        htmlFor="answer-2"
      >
        <img
          alt="Бахыт компот"
          className="artist__picture"
          src="http://placehold.it/134x134"
        />
        Бахыт компот
      </label>
    </div>
    <div
      className="artist"
    >
      <input
        className="artist__input visually-hidden"
        id="answer-3"
        name="answer"
        onChange={[Function]}
        type="radio"
        value="artist-3"
      />
      <label
        className="artist__name"
        htmlFor="answer-3"
      >
        <img
          alt="Stereophonics"
          className="artist__picture"
          src="http://placehold.it/134x134"
        />
        Stereophonics
      </label>
    </div>
  </form>
</section>
`;
